// Vitest Snapshot v1, https://vitest.dev/guide/snapshot.html

exports[`Home Page > matches snapshot 1`] = `
<div
  data-testid="weather-dashboard"
>
  Weather Dashboard Component
</div>
`;
